<!DOCTYPE html><html lang="en"><head><title>Button</title><link rel="stylesheet" type="text/css" href="css/button.css"></head><body><head><h1>Button</h1><nav><ul><li class="current">Button</li></ul></nav></head><div class="components"><div class="component"><h2>Topdoc Quiet Button Component</h2><div class="details">A simple button</div><div class="component-demo"><div class="test-wrapper">
  <a class="topcoat-button--quiet">Button</a>
  <a class="topcoat-button--quiet is-active">Button</a>
  <a class="topcoat-button--quiet is-disabled">Button</a>
</div>
</div><pre class="html">&lt;div class=&quot;test-wrapper&quot;&gt;
  &lt;a class=&quot;topcoat-button--quiet&quot;&gt;Button&lt;/a&gt;
  &lt;a class=&quot;topcoat-button--quiet is-active&quot;&gt;Button&lt;/a&gt;
  &lt;a class=&quot;topcoat-button--quiet is-disabled&quot;&gt;Button&lt;/a&gt;
&lt;/div&gt;
</pre><pre class="css"><code>.topcoat-button--quiet {
  background: transparent;
  border: 1px solid transparent;
  -webkit-box-shadow: none;
  box-shadow: none;
}.topcoat-button--quiet:active,
.topcoat-button--quiet.is-active,
.topcoat-button--large--quiet:active,
.topcoat-button--large--quiet.is-active {
  color: #c6c8c8;
  text-shadow: 0 -1px rgba(0,0,0,0.69);
  background-color: #404141;
  border: 1px solid rgba(0,0,0,0.36);
  -webkit-box-shadow: inset 0 1px rgba(0,0,0,0.18);
  box-shadow: inset 0 1px rgba(0,0,0,0.18);
}.topcoat-button--quiet:disabled,
.topcoat-button--quiet.is-disabled {
  opacity: 0.3;
  cursor: default;
  pointer-events: none;
}</code></pre></div></div></body></html>
